// Jest Snapshot v1, https://goo.gl/fbAQLP

exports[`handles route calender 1`] = `"https://etjanst.stockholm.se/vardnadshavare/inloggad2/Calender/GetSchoolCalender?childId=123&rowLimit=50"`;

exports[`handles route children 1`] = `"https://etjanst.stockholm.se/vardnadshavare/inloggad2/GetChildren"`;

exports[`handles route classmates 1`] = `"https://etjanst.stockholm.se/vardnadshavare/inloggad2/contacts/GetStudentsByClass?studentId=123"`;

exports[`handles route image 1`] = `"https://etjanst.stockholm.se/vardnadshavare/inloggad2/NewsBanner?url=https://example.com/img.png"`;

exports[`handles route login with personal number 1`] = `"https://login003.stockholm.se/NECSadcmbid/authenticate/NECSadcmbid?TYPE=33554433&REALMOID=06-42f40edd-0c5b-4dbc-b714-1be1e907f2de&GUID=1&SMAUTHREASON=0&METHOD=GET&SMAGENTNAME=IfNE0iMOtzq2TcxFADHylR6rkmFtwzoxRKh5nRMO9NBqIxHrc38jFyt56FASdxk1&TARGET=-SM-HTTPS%3a%2f%2flogin001%2estockholm%2ese%2fNECSadc%2fmbid%2fb64startpage%2ejsp%3fstartpage%3daHR0cHM6Ly9ldGphbnN0LnN0b2NraG9sbS5zZS92YXJkbmFkc2hhdmFyZS9pbmxvZ2dhZDIvaGVt&initialize=bankid&personalNumber=201701012393&_=1618404258782"`;

exports[`handles route login without personal number 1`] = `"https://login003.stockholm.se/NECSadcmbid/authenticate/NECSadcmbid?TYPE=33554433&REALMOID=06-42f40edd-0c5b-4dbc-b714-1be1e907f2de&GUID=1&SMAUTHREASON=0&METHOD=GET&SMAGENTNAME=IfNE0iMOtzq2TcxFADHylR6rkmFtwzoxRKh5nRMO9NBqIxHrc38jFyt56FASdxk1&TARGET=-SM-HTTPS%3a%2f%2flogin001%2estockholm%2ese%2fNECSadc%2fmbid%2fb64startpage%2ejsp%3fstartpage%3daHR0cHM6Ly9ldGphbnN0LnN0b2NraG9sbS5zZS92YXJkbmFkc2hhdmFyZS9pbmxvZ2dhZDIvaGVt&initialize=bankid&_=1618404258782"`;

exports[`handles route menuChoice 1`] = `"https://etjanst.stockholm.se/vardnadshavare/inloggad2/Matsedel/GetMatsedelChoice?childId=123"`;

exports[`handles route menuList 1`] = `"https://etjanst.stockholm.se/vardnadshavare/inloggad2/Matsedel/GetMatsedelList?childId=123"`;

exports[`handles route menuRss 1`] = `"https://etjanst.stockholm.se/vardnadshavare/inloggad2/Matsedel/GetMatsedelRSS?childId=123"`;

exports[`handles route news 1`] = `"https://etjanst.stockholm.se/vardnadshavare/inloggad2/News/GetNewsArchive?bannerImageLimit=5000&childId=123"`;

exports[`handles route newsDetails 1`] = `"https://etjanst.stockholm.se/vardnadshavare/inloggad2/News/GetNewsArticle?newsItemId=321&childId=123"`;

exports[`handles route notifications 1`] = `"https://etjanst.stockholm.se/vardnadshavare/inloggad2/notifications/getnotifications?childId=123"`;

exports[`handles route schedule 1`] = `"https://etjanst.stockholm.se/vardnadshavare/inloggad2/Calender/GetSchema?childId=123&startDate=2021-01-01&endDate=2021-01-01"`;

exports[`handles route user 1`] = `"https://etjanst.stockholm.se/vardnadshavare/base/getuserdata"`;
